// Jest Snapshot v1, https://goo.gl/fbAQLP

exports[`Navbar matches snapshot 1`] = `
<DocumentFragment>
  <div
    class="calculator-container"
  >
    <div
      class="cal-text"
    >
      <h3>
        Let's do some math!
      </h3>
    </div>
    <div
      class="calculator"
    >
      <div
        class="cal-display"
      >
        0
      </div>
      <div
        class="buttons-wrapper"
      >
        <div
          class="cal-digits"
        >
          <button
            class="cal-btn"
            type="button"
          >
            AC
          </button>
          <button
            class="cal-btn"
            type="button"
          >
            +/-
          </button>
          <button
            class="cal-btn"
            type="button"
          >
            %
          </button>
          <button
            class="cal-btn"
            type="button"
          >
            7
          </button>
          <button
            class="cal-btn"
            type="button"
          >
            8
          </button>
          <button
            class="cal-btn"
            type="button"
          >
            9
          </button>
          <button
            class="cal-btn"
            type="button"
          >
            4
          </button>
          <button
            class="cal-btn"
            type="button"
          >
            5
          </button>
          <button
            class="cal-btn"
            type="button"
          >
            6
          </button>
          <button
            class="cal-btn"
            type="button"
          >
            1
          </button>
          <button
            class="cal-btn"
            type="button"
          >
            2
          </button>
          <button
            class="cal-btn"
            type="button"
          >
            3
          </button>
          <button
            class="cal-btn"
            type="button"
          >
            0
          </button>
          <button
            class="cal-btn"
            type="button"
          >
            .
          </button>
        </div>
        <div
          class="cal-operators"
        >
          <button
            class="cal-btn"
            type="button"
          >
            รท
          </button>
          <button
            class="cal-btn"
            type="button"
          >
            x
          </button>
          <button
            class="cal-btn"
            type="button"
          >
            -
          </button>
          <button
            class="cal-btn"
            type="button"
          >
            +
          </button>
          <button
            class="cal-btn"
            type="button"
          >
            =
          </button>
        </div>
      </div>
    </div>
  </div>
</DocumentFragment>
`;
